mysql> create table Employee(Empid int, EmpName varchar(10), Department varchar(10),contactNo varchar(10),EmailId varchar(20),EmpHeadId int);
Query OK, 0 rows affected (0.03 sec)

mysql> insert into Employee values(101,"Isha","E-101","1234567890","isha@gmail.com",105);
Query OK, 1 row affected (0.02 sec)

mysql> insert into Employee values(102,"Priya","E-104","1234567890","priya@gmail.com",103);
Query OK, 1 row affected (0.01 sec)

mysql> insert into Employee values(103,"Neha","E-101","1234567890","neha@gmail.com",101);
Query OK, 1 row affected (0.00 sec)

mysql> insert into Employee values(104,"Rahul","E-102","1234567890","rahul@gmail.com",105);
Query OK, 1 row affected (0.01 sec)

mysql> insert into Employee values(105,"Abhishek","E-101","1234567890","abhishek@gmail.com",102);
Query OK, 1 row affected (0.01 sec)

mysql> select * from Employee;
+-------+----------+------------+------------+--------------------+-----------+
| Empid | EmpName  | Department | contactNo  | EmailId            | EmpHeadId |
+-------+----------+------------+------------+--------------------+-----------+
|   101 | Isha     | E-101      | 1234567890 | isha@gmail.com     |       105 |
|   102 | Priya    | E-104      | 1234567890 | priya@gmail.com    |       103 |
|   103 | Neha     | E-101      | 1234567890 | neha@gmail.com     |       101 |
|   104 | Rahul    | E-102      | 1234567890 | rahul@gmail.com    |       105 |
|   105 | Abhishek | E-101      | 1234567890 | abhishek@gmail.com |       102 |
+-------+----------+------------+------------+--------------------+-----------+
5 rows in set (0.01 sec)

mysql> create table EmpDept(DeptId varchar(10),DeptName varchar(10),Dept_off varchar(10),DeptHead int);
Query OK, 0 rows affected (0.02 sec)

mysql> insert into EmpDept values("E-101", "HR", "Monday",105);
Query OK, 1 row affected (0.01 sec)

mysql> insert into EmpDept values("E-102", "Development", "Tuesday",101);
ERROR 1406 (22001): Data too long for column 'DeptName' at row 1
mysql> select * from EmpDept;
+--------+----------+----------+----------+
| DeptId | DeptName | Dept_off | DeptHead |
+--------+----------+----------+----------+
| E-101  | HR       | Monday   |      105 |
+--------+----------+----------+----------+
1 row in set (0.00 sec)

mysql> drop table EmpDept;
Query OK, 0 rows affected (0.03 sec)

mysql> create table EmpDept(DeptId varchar(10),DeptName varchar(10),Dept_off varchar(10),DeptHead int);
Query OK, 0 rows affected (0.03 sec)

mysql> insert into EmpDept values("E-101", "HR", "Monday",105);
Query OK, 1 row affected (0.01 sec)

mysql> select * from EmpDept;
+--------+----------+----------+----------+
| DeptId | DeptName | Dept_off | DeptHead |
+--------+----------+----------+----------+
| E-101  | HR       | Monday   |      105 |
+--------+----------+----------+----------+
1 row in set (0.00 sec)

mysql> insert into EmpDept values("E-102", "Development", "Tuesday",101);
ERROR 1406 (22001): Data too long for column 'DeptName' at row 1
mysql> drop table EmpDept;
Query OK, 0 rows affected (0.02 sec)

mysql> create table EmpDept(DeptId varchar(10),DeptName varchar(20),Dept_off varchar(10),DeptHead int);
Query OK, 0 rows affected (0.02 sec)

mysql> insert into EmpDept values("E-101", "HR", "Monday",105);
Query OK, 1 row affected (0.00 sec)

mysql> insert into EmpDept values("E-102", "Development", "Tuesday",101);
Query OK, 1 row affected (0.00 sec)

mysql> insert into EmpDept values("E-103", "House Keeping", "Saturday",103);
Query OK, 1 row affected (0.01 sec)

mysql> insert into EmpDept values("E-104", "Sales", "Sunday",104);
Query OK, 1 row affected (0.01 sec)

mysql> insert into EmpDept values("E-105", "Purchage", "Tuesday",104);
Query OK, 1 row affected (0.01 sec)

mysql> select * from EmpDept;
+--------+---------------+----------+----------+
| DeptId | DeptName      | Dept_off | DeptHead |
+--------+---------------+----------+----------+
| E-101  | HR            | Monday   |      105 |
| E-102  | Development   | Tuesday  |      101 |
| E-103  | House Keeping | Saturday |      103 |
| E-104  | Sales         | Sunday   |      104 |
| E-105  | Purchage      | Tuesday  |      104 |
+--------+---------------+----------+----------+
5 rows in set (0.00 sec)

mysql> select EmpName from Employee where Department in(select DeptId from EmpDept where DeptName="HR");
+----------+
| EmpName  |
+----------+
| Isha     |
| Neha     |
| Abhishek |
+----------+
3 rows in set (0.00 sec)

mysql> select EmpName from Employee where Department in(select DeptId from EmpDept where DeptName="HR" AND Employee.Department=EmpDept.DeptId);
+----------+
| EmpName  |
+----------+
| Isha     |
| Neha     |
| Abhishek |
+----------+
3 rows in set (0.01 sec)

( Answer )

mysql> select EmpName from Employee where Department in(select DeptId from EmpDept where DeptName="HR" AND Employee.EmpId=EmpDept.DeptHead);
+----------+
| EmpName  |
+----------+
| Abhishek |
+----------+
1 row in set (0.00 sec)